// Jest Snapshot v1, https://goo.gl/fbAQLP

exports[`<Main /> should render a heading 1`] = `
.c0 {
  background-color: #06092b;
  color: #fff;
  width: 100%;
  height: 100%;
  text-align: center;
  display: -webkit-box;
  display: -webkit-flex;
  display: -ms-flexbox;
  display: flex;
  -webkit-flex-direction: column;
  -ms-flex-direction: column;
  flex-direction: column;
  -webkit-align-items: center;
  -webkit-box-align: center;
  -ms-flex-align: center;
  align-items: center;
  -webkit-box-pack: center;
  -webkit-justify-content: center;
  -ms-flex-pack: center;
  justify-content: center;
}

.c1 {
  width: 25rem;
  margin-bottom: 2rem;
}

.c2 {
  font-size: 2rem;
  font-weight: bold;
}

.c3 {
  font-size: 1.5rem;
  margin-top: 1rem;
}

.c4 {
  margin-top: 2rem;
  width: min(25rem,100%);
}

<div>
  <main
    class="c0"
  >
    <img
      alt="Ícone de um átomo com o texto 'React Avançado' ao lado"
      class="c1"
      src="/img/logo.svg"
    />
    <h1
      class="c2"
    >
      Next.js Boilerplate
    </h1>
    <h2
      class="c3"
    >
      Typescript, ReactJS, Next.js and Styled Components
    </h2>
    <img
      alt="Ilustração de um homem sentado programando."
      class="c4"
      src="/img/hero-illustration.svg"
    />
  </main>
</div>
`;
